Copyright 1986-2021 Xilinx, Inc. All Rights Reserved.
----------------------------------------------------------------------------------------------
| Tool Version : Vivado v.2021.2 (win64) Build 3367213 Tue Oct 19 02:48:09 MDT 2021
| Date         : Fri Oct  9 09:40:15 2026
| Host         : jarvis running 64-bit major release  (build 9200)
| Command      : report_timing_summary -file {C:/VLSI/risv original/reports/synth_timing.rpt}
| Design       : soc_top
| Device       : 7z020-clg484
| Speed File   : -1  PRODUCTION 1.12 2019-11-22
----------------------------------------------------------------------------------------------

Timing Summary Report

------------------------------------------------------------------------------------------------
| Timer Settings
| --------------
------------------------------------------------------------------------------------------------

  Enable Multi Corner Analysis               :  Yes
  Enable Pessimism Removal                   :  Yes
  Pessimism Removal Resolution               :  Nearest Common Node
  Enable Input Delay Default Clock           :  No
  Enable Preset / Clear Arcs                 :  No
  Disable Flight Delays                      :  No
  Ignore I/O Paths                           :  No
  Timing Early Launch at Borrowing Latches   :  No
  Borrow Time for Max Delay Exceptions       :  Yes
  Merge Timing Exceptions                    :  Yes

  Corner  Analyze    Analyze    
  Name    Max Paths  Min Paths  
  ------  ---------  ---------  
  Slow    Yes        Yes        
  Fast    Yes        Yes        


------------------------------------------------------------------------------------------------
| Report Methodology
| ------------------
------------------------------------------------------------------------------------------------

No report available as report_methodology has not been run prior. Run report_methodology on the current design for the summary of methodology violations.



check_timing report

Table of Contents
-----------------
1. checking no_clock (0)
2. checking constant_clock (0)
3. checking pulse_width_clock (0)
4. checking unconstrained_internal_endpoints (0)
5. checking no_input_delay (0)
6. checking no_output_delay (0)
7. checking multiple_clock (0)
8. checking generated_clocks (0)
9. checking loops (0)
10. checking partial_input_delay (0)
11. checking partial_output_delay (0)
12. checking latch_loops (0)

1. checking no_clock (0)
------------------------
 There are 0 register/latch pins with no clock.


2. checking constant_clock (0)
------------------------------
 There are 0 register/latch pins with constant_clock.


3. checking pulse_width_clock (0)
---------------------------------
 There are 0 register/latch pins which need pulse_width check


4. checking unconstrained_internal_endpoints (0)
------------------------------------------------
 There are 0 pins that are not constrained for maximum delay.

 There are 0 pins that are not constrained for maximum delay due to constant clock.


5. checking no_input_delay (0)
------------------------------
 There are 0 input ports with no input delay specified.

 There are 0 input ports with no input delay but user has a false path constraint.


6. checking no_output_delay (0)
-------------------------------
 There are 0 ports with no output delay specified.

 There are 0 ports with no output delay but user has a false path constraint

 There are 0 ports with no output delay but with a timing clock defined on it or propagating through it


7. checking multiple_clock (0)
------------------------------
 There are 0 register/latch pins with multiple clocks.


8. checking generated_clocks (0)
--------------------------------
 There are 0 generated clocks that are not connected to a clock source.


9. checking loops (0)
---------------------
 There are 0 combinational loops in the design.


10. checking partial_input_delay (0)
------------------------------------
 There are 0 input ports with partial input delay specified.


11. checking partial_output_delay (0)
-------------------------------------
 There are 0 ports with partial output delay specified.


12. checking latch_loops (0)
----------------------------
 There are 0 combinational latch loops in the design through latch input



------------------------------------------------------------------------------------------------
| Design Timing Summary
| ---------------------
------------------------------------------------------------------------------------------------

    WNS(ns)      TNS(ns)  TNS Failing Endpoints  TNS Total Endpoints      WHS(ns)      THS(ns)  THS Failing Endpoints  THS Total Endpoints     WPWS(ns)     TPWS(ns)  TPWS Failing Endpoints  TPWS Total Endpoints  
    -------      -------  ---------------------  -------------------      -------      -------  ---------------------  -------------------     --------     --------  ----------------------  --------------------  
      2.392        0.000                      0                22598       -0.490       -0.490                      1                22598        3.750        0.000                       0                  7343  


Timing constraints are not met.


------------------------------------------------------------------------------------------------
| Clock Summary
| -------------
------------------------------------------------------------------------------------------------

Clock     Waveform(ns)       Period(ns)      Frequency(MHz)
-----     ------------       ----------      --------------
clk_100m  {0.000 5.000}      10.000          100.000         


------------------------------------------------------------------------------------------------
| Intra Clock Table
| -----------------
------------------------------------------------------------------------------------------------

Clock             WNS(ns)      TNS(ns)  TNS Failing Endpoints  TNS Total Endpoints      WHS(ns)      THS(ns)  THS Failing Endpoints  THS Total Endpoints     WPWS(ns)     TPWS(ns)  TPWS Failing Endpoints  TPWS Total Endpoints  
-----             -------      -------  ---------------------  -------------------      -------      -------  ---------------------  -------------------     --------     --------  ----------------------  --------------------  
clk_100m            2.392        0.000                      0                21851       -0.490       -0.490                      1                21851        3.750        0.000                       0                  7343  


------------------------------------------------------------------------------------------------
| Inter Clock Table
| -----------------
------------------------------------------------------------------------------------------------

From Clock    To Clock          WNS(ns)      TNS(ns)  TNS Failing Endpoints  TNS Total Endpoints      WHS(ns)      THS(ns)  THS Failing Endpoints  THS Total Endpoints  
----------    --------          -------      -------  ---------------------  -------------------      -------      -------  ---------------------  -------------------  


------------------------------------------------------------------------------------------------
| Other Path Groups Table
| -----------------------
------------------------------------------------------------------------------------------------

Path Group         From Clock         To Clock               WNS(ns)      TNS(ns)  TNS Failing Endpoints  TNS Total Endpoints      WHS(ns)      THS(ns)  THS Failing Endpoints  THS Total Endpoints  
----------         ----------         --------               -------      -------  ---------------------  -------------------      -------      -------  ---------------------  -------------------  
**async_default**  clk_100m           clk_100m                 6.125        0.000                      0                  747        0.432        0.000                      0                  747  


------------------------------------------------------------------------------------------------
| Timing Details
| --------------
------------------------------------------------------------------------------------------------


---------------------------------------------------------------------------------------------------
From Clock:  clk_100m
  To Clock:  clk_100m

Setup :            0  Failing Endpoints,  Worst Slack        2.392ns,  Total Violation        0.000ns
Hold  :            1  Failing Endpoint ,  Worst Slack       -0.490ns,  Total Violation       -0.490ns
PW    :            0  Failing Endpoints,  Worst Slack        3.750ns,  Total Violation        0.000ns
---------------------------------------------------------------------------------------------------


Max Delay Paths
--------------------------------------------------------------------------------------
Slack (MET) :             2.392ns  (required time - arrival time)
  Source:                 dmem/mem_reg_0_0_3/CLKBWRCLK
                            (rising edge-triggered cell RAMB36E1 clocked by clk_100m  {rise@0.000ns fall@5.000ns period=10.000ns})
  Destination:            cpu/instr_jalr_reg/D
                            (rising edge-triggered cell FDRE clocked by clk_100m  {rise@0.000ns fall@5.000ns period=10.000ns})
  Path Group:             clk_100m
  Path Type:              Setup (Max at Slow Process Corner)
  Requirement:            10.000ns  (clk_100m rise@10.000ns - clk_100m rise@0.000ns)
  Data Path Delay:        7.472ns  (logic 3.793ns (50.765%)  route 3.679ns (49.235%))
  Logic Levels:           5  (LUT6=4 RAMB36E1=1)
  Clock Path Skew:        -0.145ns (DCD - SCD + CPR)
    Destination Clock Delay (DCD):    2.709ns = ( 12.709 - 10.000 ) 
    Source Clock Delay      (SCD):    2.975ns
    Clock Pessimism Removal (CPR):    0.121ns
  Clock Uncertainty:      0.035ns  ((TSJ^2 + TIJ^2)^1/2 + DJ) / 2 + PE
    Total System Jitter     (TSJ):    0.071ns
    Total Input Jitter      (TIJ):    0.000ns
    Discrete Jitter          (DJ):    0.000ns
    Phase Error              (PE):    0.000ns

    Location             Delay type                Incr(ns)  Path(ns)    Netlist Resource(s)
  -------------------------------------------------------------------    -------------------
                         (clock clk_100m rise edge)
                                                      0.000     0.000 r  
    Y9                                                0.000     0.000 r  clk_100m (IN)
                         net (fo=0)                   0.000     0.000    clk_100m
    Y9                   IBUF (Prop_ibuf_I_O)         1.490     1.490 r  clk_100m_IBUF_inst/O
                         net (fo=1, unplaced)         0.800     2.290    clk_100m_IBUF
                         BUFG (Prop_bufg_I_O)         0.101     2.391 r  clk_100m_IBUF_BUFG_inst/O
                         net (fo=7342, unplaced)      0.584     2.975    dmem/clk_100m_IBUF_BUFG
                         RAMB36E1                                     r  dmem/mem_reg_0_0_3/CLKBWRCLK
  -------------------------------------------------------------------    -------------------
                         RAMB36E1 (Prop_ramb36e1_CLKBWRCLK_CASCADEOUTB)
                                                      2.872     5.847 r  dmem/mem_reg_0_0_3/CASCADEOUTB
                         net (fo=1, unplaced)         0.065     5.912    dmem/mem_reg_0_0_3_n_1
                         RAMB36E1 (Prop_ramb36e1_CASCADEINB_DOBDO[0])
                                                      0.425     6.337 f  dmem/mem_reg_0_1_3/DOBDO[0]
                         net (fo=2, unplaced)         0.800     7.137    dmem/mem_reg_0_1_3_1[0]
                         LUT6 (Prop_lut6_I0_O)        0.124     7.261 f  dmem/mem_rdata_q[3]_i_2/O
                         net (fo=2, unplaced)         0.913     8.174    imem/mem_rdata_q_reg[3]
                         LUT6 (Prop_lut6_I2_O)        0.124     8.298 f  imem/mem_rdata_q[3]_i_1/O
                         net (fo=4, unplaced)         0.926     9.224    imem/rdata_reg_1[2]
                         LUT6 (Prop_lut6_I0_O)        0.124     9.348 f  imem/instr_jalr_i_2/O
                         net (fo=2, unplaced)         0.975    10.323    imem/instr_jalr_i_2_n_0
                         LUT6 (Prop_lut6_I0_O)        0.124    10.447 r  imem/instr_jalr_i_1/O
                         net (fo=1, unplaced)         0.000    10.447    cpu/instr_jalr0
                         FDRE                                         r  cpu/instr_jalr_reg/D
  -------------------------------------------------------------------    -------------------

                         (clock clk_100m rise edge)
                                                     10.000    10.000 r  
    Y9                                                0.000    10.000 r  clk_100m (IN)
                         net (fo=0)                   0.000    10.000    clk_100m
    Y9                   IBUF (Prop_ibuf_I_O)         1.420    11.420 r  clk_100m_IBUF_inst/O
                         net (fo=1, unplaced)         0.760    12.179    clk_100m_IBUF
                         BUFG (Prop_bufg_I_O)         0.091    12.270 r  clk_100m_IBUF_BUFG_inst/O
                         net (fo=7342, unplaced)      0.439    12.709    cpu/clk_100m_IBUF_BUFG
                         FDRE                                         r  cpu/instr_jalr_reg/C
                         clock pessimism              0.121    12.830    
                         clock uncertainty           -0.035    12.795    
                         FDRE (Setup_fdre_C_D)        0.044    12.839    cpu/instr_jalr_reg
  -------------------------------------------------------------------
                         required time                         12.839    
                         arrival time                         -10.447    
  -------------------------------------------------------------------
                         slack                                  2.392    





Min Delay Paths
--------------------------------------------------------------------------------------
Slack (VIOLATED) :        -0.490ns  (arrival time - required time)
  Source:                 uart_rx
                            (input port clocked by clk_100m  {rise@0.000ns fall@5.000ns period=10.000ns})
  Destination:            uart_inst/rx_sync1_reg/D
                            (rising edge-triggered cell FDPE clocked by clk_100m  {rise@0.000ns fall@5.000ns period=10.000ns})
  Path Group:             clk_100m
  Path Type:              Hold (Min at Slow Process Corner)
  Requirement:            0.000ns  (clk_100m rise@0.000ns - clk_100m rise@0.000ns)
  Data Path Delay:        2.236ns  (logic 1.476ns (66.019%)  route 0.760ns (33.981%))
  Logic Levels:           1  (IBUF=1)
  Input Delay:            0.500ns
  Clock Path Skew:        2.975ns (DCD - SCD - CPR)
    Destination Clock Delay (DCD):    2.975ns
    Source Clock Delay      (SCD):    0.000ns
    Clock Pessimism Removal (CPR):    -0.000ns
  Clock Uncertainty:      0.035ns  ((TSJ^2 + TIJ^2)^1/2 + DJ) / 2 + PE
    Total System Jitter     (TSJ):    0.071ns
    Total Input Jitter      (TIJ):    0.000ns
    Discrete Jitter          (DJ):    0.000ns
    Phase Error              (PE):    0.000ns

    Location             Delay type                Incr(ns)  Path(ns)    Netlist Resource(s)
  -------------------------------------------------------------------    -------------------
                         (clock clk_100m rise edge)
                                                      0.000     0.000 r  
                         input delay                  0.500     0.500    
    Y11                                               0.000     0.500 r  uart_rx (IN)
                         net (fo=0)                   0.000     0.500    uart_rx
    Y11                  IBUF (Prop_ibuf_I_O)         1.476     1.976 r  uart_rx_IBUF_inst/O
                         net (fo=1, unplaced)         0.760     2.736    uart_inst/uart_rx_IBUF
                         FDPE                                         r  uart_inst/rx_sync1_reg/D
  -------------------------------------------------------------------    -------------------

                         (clock clk_100m rise edge)
                                                      0.000     0.000 r  
    Y9                                                0.000     0.000 r  clk_100m (IN)
                         net (fo=0)                   0.000     0.000    clk_100m
    Y9                   IBUF (Prop_ibuf_I_O)         1.490     1.490 r  clk_100m_IBUF_inst/O
                         net (fo=1, unplaced)         0.800     2.290    clk_100m_IBUF
                         BUFG (Prop_bufg_I_O)         0.101     2.391 r  clk_100m_IBUF_BUFG_inst/O
                         net (fo=7342, unplaced)      0.584     2.975    uart_inst/clk_100m_IBUF_BUFG
                         FDPE                                         r  uart_inst/rx_sync1_reg/C
                         clock pessimism              0.000     2.975    
                         clock uncertainty            0.035     3.010    
                         FDPE (Hold_fdpe_C_D)         0.215     3.225    uart_inst/rx_sync1_reg
  -------------------------------------------------------------------
                         required time                         -3.225    
                         arrival time                           2.736    
  -------------------------------------------------------------------
                         slack                                 -0.490    





Pulse Width Checks
--------------------------------------------------------------------------------------
Clock Name:         clk_100m
Waveform(ns):       { 0.000 5.000 }
Period(ns):         10.000
Sources:            { clk_100m }

Check Type        Corner  Lib Pin      Reference Pin  Required(ns)  Actual(ns)  Slack(ns)  Location  Pin
Min Period        n/a     DSP48E1/CLK  n/a            3.884         10.000      6.116                cpu/pcpi_mul/rd_reg/CLK
Low Pulse Width   Slow    RAMD32/CLK   n/a            1.250         5.000       3.750                cpu/cpuregs_reg_r1_0_31_0_5/RAMA/CLK
High Pulse Width  Slow    RAMD32/CLK   n/a            1.250         5.000       3.750                cpu/cpuregs_reg_r1_0_31_0_5/RAMA/CLK



---------------------------------------------------------------------------------------------------
Path Group:  **async_default**
From Clock:  clk_100m
  To Clock:  clk_100m

Setup :            0  Failing Endpoints,  Worst Slack        6.125ns,  Total Violation        0.000ns
Hold  :            0  Failing Endpoints,  Worst Slack        0.432ns,  Total Violation        0.000ns
---------------------------------------------------------------------------------------------------


Max Delay Paths
--------------------------------------------------------------------------------------
Slack (MET) :             6.125ns  (required time - arrival time)
  Source:                 ext_reset_n
                            (input port clocked by clk_100m  {rise@0.000ns fall@5.000ns period=10.000ns})
  Destination:            reset_inst/sync_rst_n_reg[0]/CLR
                            (recovery check against rising-edge clock clk_100m  {rise@0.000ns fall@5.000ns period=10.000ns})
  Path Group:             **async_default**
  Path Type:              Recovery (Max at Slow Process Corner)
  Requirement:            10.000ns  (clk_100m rise@10.000ns - clk_100m rise@0.000ns)
  Data Path Delay:        3.198ns  (logic 1.611ns (50.377%)  route 1.587ns (49.623%))
  Logic Levels:           2  (IBUF=1 LUT1=1)
  Input Delay:            3.000ns
  Clock Path Skew:        2.709ns (DCD - SCD + CPR)
    Destination Clock Delay (DCD):    2.709ns = ( 12.709 - 10.000 ) 
    Source Clock Delay      (SCD):    0.000ns
    Clock Pessimism Removal (CPR):    0.000ns
  Clock Uncertainty:      0.035ns  ((TSJ^2 + TIJ^2)^1/2 + DJ) / 2 + PE
    Total System Jitter     (TSJ):    0.071ns
    Total Input Jitter      (TIJ):    0.000ns
    Discrete Jitter          (DJ):    0.000ns
    Phase Error              (PE):    0.000ns

    Location             Delay type                Incr(ns)  Path(ns)    Netlist Resource(s)
  -------------------------------------------------------------------    -------------------
                         (clock clk_100m rise edge)
                                                      0.000     0.000 r  
                         input delay                  3.000     3.000    
    F22                                               0.000     3.000 r  ext_reset_n (IN)
                         net (fo=0)                   0.000     3.000    ext_reset_n
    F22                  IBUF (Prop_ibuf_I_O)         1.487     4.487 r  ext_reset_n_IBUF_inst/O
                         net (fo=1, unplaced)         0.800     5.287    reset_inst/ext_reset_n_IBUF
                         LUT1 (Prop_lut1_I0_O)        0.124     5.411 f  reset_inst/sync_rst_n[1]_i_1/O
                         net (fo=2, unplaced)         0.787     6.198    reset_inst/sync_rst_n[1]_i_1_n_0
                         FDCE                                         f  reset_inst/sync_rst_n_reg[0]/CLR
  -------------------------------------------------------------------    -------------------

                         (clock clk_100m rise edge)
                                                     10.000    10.000 r  
    Y9                                                0.000    10.000 r  clk_100m (IN)
                         net (fo=0)                   0.000    10.000    clk_100m
    Y9                   IBUF (Prop_ibuf_I_O)         1.420    11.420 r  clk_100m_IBUF_inst/O
                         net (fo=1, unplaced)         0.760    12.179    clk_100m_IBUF
                         BUFG (Prop_bufg_I_O)         0.091    12.270 r  clk_100m_IBUF_BUFG_inst/O
                         net (fo=7342, unplaced)      0.439    12.709    reset_inst/clk_100m_IBUF_BUFG
                         FDCE                                         r  reset_inst/sync_rst_n_reg[0]/C
                         clock pessimism              0.000    12.709    
                         clock uncertainty           -0.035    12.674    
                         FDCE (Recov_fdce_C_CLR)     -0.352    12.322    reset_inst/sync_rst_n_reg[0]
  -------------------------------------------------------------------
                         required time                         12.322    
                         arrival time                          -6.198    
  -------------------------------------------------------------------
                         slack                                  6.125    





Min Delay Paths
--------------------------------------------------------------------------------------
Slack (MET) :             0.432ns  (arrival time - required time)
  Source:                 ext_reset_n
                            (input port clocked by clk_100m  {rise@0.000ns fall@5.000ns period=10.000ns})
  Destination:            reset_inst/sync_rst_n_reg[0]/CLR
                            (removal check against rising-edge clock clk_100m  {rise@0.000ns fall@5.000ns period=10.000ns})
  Path Group:             **async_default**
  Path Type:              Removal (Min at Fast Process Corner)
  Requirement:            0.000ns  (clk_100m rise@0.000ns - clk_100m rise@0.000ns)
  Data Path Delay:        0.968ns  (logic 0.300ns (30.934%)  route 0.669ns (69.066%))
  Logic Levels:           2  (IBUF=1 LUT1=1)
  Input Delay:            0.500ns
  Clock Path Skew:        1.089ns (DCD - SCD - CPR)
    Destination Clock Delay (DCD):    1.089ns
    Source Clock Delay      (SCD):    0.000ns
    Clock Pessimism Removal (CPR):    -0.000ns
  Clock Uncertainty:      0.035ns  ((TSJ^2 + TIJ^2)^1/2 + DJ) / 2 + PE
    Total System Jitter     (TSJ):    0.071ns
    Total Input Jitter      (TIJ):    0.000ns
    Discrete Jitter          (DJ):    0.000ns
    Phase Error              (PE):    0.000ns

    Location             Delay type                Incr(ns)  Path(ns)    Netlist Resource(s)
  -------------------------------------------------------------------    -------------------
                         (clock clk_100m rise edge)
                                                      0.000     0.000 r  
                         input delay                  0.500     0.500    
    F22                                               0.000     0.500 r  ext_reset_n (IN)
                         net (fo=0)                   0.000     0.500    ext_reset_n
    F22                  IBUF (Prop_ibuf_I_O)         0.255     0.755 r  ext_reset_n_IBUF_inst/O
                         net (fo=1, unplaced)         0.337     1.092    reset_inst/ext_reset_n_IBUF
                         LUT1 (Prop_lut1_I0_O)        0.045     1.137 f  reset_inst/sync_rst_n[1]_i_1/O
                         net (fo=2, unplaced)         0.332     1.468    reset_inst/sync_rst_n[1]_i_1_n_0
                         FDCE                                         f  reset_inst/sync_rst_n_reg[0]/CLR
  -------------------------------------------------------------------    -------------------

                         (clock clk_100m rise edge)
                                                      0.000     0.000 r  
    Y9                                                0.000     0.000 r  clk_100m (IN)
                         net (fo=0)                   0.000     0.000    clk_100m
    Y9                   IBUF (Prop_ibuf_I_O)         0.446     0.446 r  clk_100m_IBUF_inst/O
                         net (fo=1, unplaced)         0.355     0.801    clk_100m_IBUF
                         BUFG (Prop_bufg_I_O)         0.029     0.830 r  clk_100m_IBUF_BUFG_inst/O
                         net (fo=7342, unplaced)      0.259     1.089    reset_inst/clk_100m_IBUF_BUFG
                         FDCE                                         r  reset_inst/sync_rst_n_reg[0]/C
                         clock pessimism              0.000     1.089    
                         clock uncertainty            0.035     1.124    
                         FDCE (Remov_fdce_C_CLR)     -0.088     1.036    reset_inst/sync_rst_n_reg[0]
  -------------------------------------------------------------------
                         required time                         -1.036    
                         arrival time                           1.468    
  -------------------------------------------------------------------
                         slack                                  0.432    





