Copyright 1986-2021 Xilinx, Inc. All Rights Reserved.
---------------------------------------------------------------------------------------------------------------------
| Tool Version : Vivado v.2021.2 (win64) Build 3367213 Tue Oct 19 02:48:09 MDT 2021
| Date         : Fri Oct  9 09:43:51 2026
| Host         : jarvis running 64-bit major release  (build 9200)
| Command      : report_utilization -hierarchical -file {C:/VLSI/risv original/reports/utilization_hierarchical.rpt}
| Design       : soc_top
| Device       : xc7z020clg484-1
| Speed File   : -1
| Design State : Physopt postRoute
---------------------------------------------------------------------------------------------------------------------

Utilization Design Information

Table of Contents
-----------------
1. Utilization by Hierarchy

1. Utilization by Hierarchy
---------------------------

+-----------------------------+------------------------+------------+------------+---------+------+------+--------+--------+------------+
|           Instance          |         Module         | Total LUTs | Logic LUTs | LUTRAMs | SRLs |  FFs | RAMB36 | RAMB18 | DSP Blocks |
+-----------------------------+------------------------+------------+------------+---------+------+------+--------+--------+------------+
| soc_top                     |                  (top) |       8314 |       8254 |      44 |   16 | 7090 |     64 |      1 |          4 |
|   (soc_top)                 |                  (top) |          0 |          0 |       0 |    0 |   66 |      0 |      0 |          0 |
|   acc_wrap                  |            acc_wrapper |       5915 |       5899 |       0 |   16 | 5182 |      0 |      0 |          0 |
|     (acc_wrap)              |            acc_wrapper |         38 |         38 |       0 |    0 |  125 |      0 |      0 |          0 |
|     fixed_ip                |            accelerator |       5877 |       5861 |       0 |   16 | 5057 |      0 |      0 |          0 |
|       u_controller          |             controller |         77 |         77 |       0 |    0 |   18 |      0 |      0 |          0 |
|       u_ws_datapath         |            ws_datapath |       5800 |       5784 |       0 |   16 | 5039 |      0 |      0 |          0 |
|         u_activation_buffer |   activation_buffer_ws |        139 |        139 |       0 |    0 |  576 |      0 |      0 |          0 |
|         u_input_skew        |             input_skew |        172 |        156 |       0 |   16 |  118 |      0 |      0 |          0 |
|         u_output_buffer     |       output_buffer_ws |        409 |        409 |       0 |    0 | 1561 |      0 |      0 |          0 |
|         u_systolic_array    |        systolic_8x8_ws |       4997 |       4997 |       0 |    0 | 2264 |      0 |      0 |          0 |
|           pe00              |                  pe_ws |         80 |         80 |       0 |    0 |   32 |      0 |      0 |          0 |
|           pe01              |                pe_ws_0 |         80 |         80 |       0 |    0 |   32 |      0 |      0 |          0 |
|           pe02              |                pe_ws_1 |         80 |         80 |       0 |    0 |   32 |      0 |      0 |          0 |
|           pe03              |                pe_ws_2 |         80 |         80 |       0 |    0 |   32 |      0 |      0 |          0 |
|           pe04              |                pe_ws_3 |         80 |         80 |       0 |    0 |   32 |      0 |      0 |          0 |
|           pe05              |                pe_ws_4 |         80 |         80 |       0 |    0 |   32 |      0 |      0 |          0 |
|           pe06              |                pe_ws_5 |         80 |         80 |       0 |    0 |   32 |      0 |      0 |          0 |
|           pe07              |                pe_ws_6 |         69 |         69 |       0 |    0 |   24 |      0 |      0 |          0 |
|           pe10              |                pe_ws_7 |         86 |         86 |       0 |    0 |   34 |      0 |      0 |          0 |
|           pe11              |                pe_ws_8 |         86 |         86 |       0 |    0 |   34 |      0 |      0 |          0 |
|           pe12              |                pe_ws_9 |         86 |         86 |       0 |    0 |   34 |      0 |      0 |          0 |
|           pe13              |               pe_ws_10 |         86 |         86 |       0 |    0 |   34 |      0 |      0 |          0 |
|           pe14              |               pe_ws_11 |         86 |         86 |       0 |    0 |   34 |      0 |      0 |          0 |
|           pe15              |               pe_ws_12 |         86 |         86 |       0 |    0 |   34 |      0 |      0 |          0 |
|           pe16              |               pe_ws_13 |         86 |         86 |       0 |    0 |   34 |      0 |      0 |          0 |
|           pe17              |               pe_ws_14 |         66 |         66 |       0 |    0 |   26 |      0 |      0 |          0 |
|           pe20              |               pe_ws_15 |         87 |         87 |       0 |    0 |   35 |      0 |      0 |          0 |
|           pe21              |               pe_ws_16 |         87 |         87 |       0 |    0 |   35 |      0 |      0 |          0 |
|           pe22              |               pe_ws_17 |         87 |         87 |       0 |    0 |   35 |      0 |      0 |          0 |
|           pe23              |               pe_ws_18 |         87 |         87 |       0 |    0 |   35 |      0 |      0 |          0 |
|           pe24              |               pe_ws_19 |         87 |         87 |       0 |    0 |   35 |      0 |      0 |          0 |
|           pe25              |               pe_ws_20 |         87 |         87 |       0 |    0 |   35 |      0 |      0 |          0 |
|           pe26              |               pe_ws_21 |         87 |         87 |       0 |    0 |   35 |      0 |      0 |          0 |
|           pe27              |               pe_ws_22 |         67 |         67 |       0 |    0 |   27 |      0 |      0 |          0 |
|           pe30              |               pe_ws_23 |         88 |         88 |       0 |    0 |   36 |      0 |      0 |          0 |
|           pe31              |               pe_ws_24 |         88 |         88 |       0 |    0 |   36 |      0 |      0 |          0 |
|           pe32              |               pe_ws_25 |         88 |         88 |       0 |    0 |   36 |      0 |      0 |          0 |
|           pe33              |               pe_ws_26 |         88 |         88 |       0 |    0 |   36 |      0 |      0 |          0 |
|           pe34              |               pe_ws_27 |         88 |         88 |       0 |    0 |   36 |      0 |      0 |          0 |
|           pe35              |               pe_ws_28 |         88 |         88 |       0 |    0 |   36 |      0 |      0 |          0 |
|           pe36              |               pe_ws_29 |         88 |         88 |       0 |    0 |   36 |      0 |      0 |          0 |
|           pe37              |               pe_ws_30 |         68 |         68 |       0 |    0 |   28 |      0 |      0 |          0 |
|           pe40              |               pe_ws_31 |         89 |         89 |       0 |    0 |   37 |      0 |      0 |          0 |
|           pe41              |               pe_ws_32 |         89 |         89 |       0 |    0 |   37 |      0 |      0 |          0 |
|           pe42              |               pe_ws_33 |         89 |         89 |       0 |    0 |   37 |      0 |      0 |          0 |
|           pe43              |               pe_ws_34 |         89 |         89 |       0 |    0 |   37 |      0 |      0 |          0 |
|           pe44              |               pe_ws_35 |         89 |         89 |       0 |    0 |   37 |      0 |      0 |          0 |
|           pe45              |               pe_ws_36 |         89 |         89 |       0 |    0 |   37 |      0 |      0 |          0 |
|           pe46              |               pe_ws_37 |         89 |         89 |       0 |    0 |   37 |      0 |      0 |          0 |
|           pe47              |               pe_ws_38 |         69 |         69 |       0 |    0 |   29 |      0 |      0 |          0 |
|           pe50              |               pe_ws_39 |         93 |         93 |       0 |    0 |   38 |      0 |      0 |          0 |
|           pe51              |               pe_ws_40 |         93 |         93 |       0 |    0 |   38 |      0 |      0 |          0 |
|           pe52              |               pe_ws_41 |         93 |         93 |       0 |    0 |   38 |      0 |      0 |          0 |
|           pe53              |               pe_ws_42 |         93 |         93 |       0 |    0 |   38 |      0 |      0 |          0 |
|           pe54              |               pe_ws_43 |         93 |         93 |       0 |    0 |   38 |      0 |      0 |          0 |
|           pe55              |               pe_ws_44 |         93 |         93 |       0 |    0 |   38 |      0 |      0 |          0 |
|           pe56              |               pe_ws_45 |         93 |         93 |       0 |    0 |   38 |      0 |      0 |          0 |
|           pe57              |               pe_ws_46 |         73 |         73 |       0 |    0 |   30 |      0 |      0 |          0 |
|           pe60              |               pe_ws_47 |         93 |         93 |       0 |    0 |   39 |      0 |      0 |          0 |
|           pe61              |               pe_ws_48 |         93 |         93 |       0 |    0 |   39 |      0 |      0 |          0 |
|           pe62              |               pe_ws_49 |         93 |         93 |       0 |    0 |   39 |      0 |      0 |          0 |
|           pe63              |               pe_ws_50 |         93 |         93 |       0 |    0 |   39 |      0 |      0 |          0 |
|           pe64              |               pe_ws_51 |         93 |         93 |       0 |    0 |   39 |      0 |      0 |          0 |
|           pe65              |               pe_ws_52 |         93 |         93 |       0 |    0 |   39 |      0 |      0 |          0 |
|           pe66              |               pe_ws_53 |         93 |         93 |       0 |    0 |   39 |      0 |      0 |          0 |
|           pe67              |               pe_ws_54 |         73 |         73 |       0 |    0 |   31 |      0 |      0 |          0 |
|           pe70              |               pe_ws_55 |         74 |         74 |       0 |    0 |   40 |      0 |      0 |          0 |
|           pe71              |               pe_ws_56 |         74 |         74 |       0 |    0 |   40 |      0 |      0 |          0 |
|           pe72              |               pe_ws_57 |         74 |         74 |       0 |    0 |   40 |      0 |      0 |          0 |
|           pe73              |               pe_ws_58 |         74 |         74 |       0 |    0 |   40 |      0 |      0 |          0 |
|           pe74              |               pe_ws_59 |         74 |         74 |       0 |    0 |   40 |      0 |      0 |          0 |
|           pe75              |               pe_ws_60 |         74 |         74 |       0 |    0 |   40 |      0 |      0 |          0 |
|           pe76              |               pe_ws_61 |         74 |         74 |       0 |    0 |   40 |      0 |      0 |          0 |
|           pe77              |               pe_ws_62 |         54 |         54 |       0 |    0 |   32 |      0 |      0 |          0 |
|         u_weight_buffer     |       weight_buffer_ws |        136 |        136 |       0 |    0 |  520 |      0 |      0 |          0 |
|   cpu                       |               picorv32 |       1712 |       1668 |      44 |    0 |  938 |      0 |      0 |          4 |
|     (cpu)                   |               picorv32 |       1097 |       1053 |      44 |    0 |  701 |      0 |      0 |          0 |
|     pcpi_div                |      picorv32_pcpi_div |        342 |        342 |       0 |    0 |  200 |      0 |      0 |          0 |
|     pcpi_mul                | picorv32_pcpi_fast_mul |        279 |        279 |       0 |    0 |   37 |      0 |      0 |          4 |
|   dma_inst                  |             dma_engine |        370 |        370 |       0 |    0 |  435 |      0 |      0 |          0 |
|   dmem                      |              dmem_bram |         52 |         52 |       0 |    0 |    2 |     64 |      0 |          0 |
|   ic                        |    native_interconnect |          0 |          0 |       0 |    0 |    1 |      0 |      0 |          0 |
|   imem                      |              imem_bram |         61 |         61 |       0 |    0 |    3 |      0 |      1 |          0 |
|   reset_inst                |             reset_ctrl |          5 |          5 |       0 |    0 |    2 |      0 |      0 |          0 |
|   sys                       |               sys_regs |          4 |          4 |       0 |    0 |   69 |      0 |      0 |          0 |
|   uart_inst                 |                   uart |        200 |        200 |       0 |    0 |  392 |      0 |      0 |          0 |
+-----------------------------+------------------------+------------+------------+---------+------+------+--------+--------+------------+
* Note: The sum of lower-level cells may be larger than their parent cells total, due to cross-hierarchy LUT combining


